
> adeiza-portfolio@0.0.0 build
> vite build

[36mvite v7.3.1 [32mbuilding client environment for production...[36m[39m
transforming...
[32mΓ£ô[39m 3 modules transformed.
node.exe : 
[31mΓ£ù[39m Build 
failed in 1.25s
At line:1 char:1
+ & "C:\Program 
Files\nodejs/node.exe" 
"C:\Program 
Files\nodejs/node_mo 
...
+ ~~~~~~~~~~~~~~~~~~~~~
~~~~~~~~~~~~~~~~~~~~~~~
~~~~~~~~~~~~~~~~~~~~~~~
~~
    + CategoryInfo     
         : NotSpecifi  
  ed: ([31mΓ£ù[39m   
  Build failed in 1    
.25s:String) [], R    
emoteException
    + FullyQualifiedEr 
   rorId : NativeComm  
  andError
 
[31merror during 
build:
[31m[@tailwindcss/vite
:generate:build] 
Cannot apply unknown 
utility class `hover:sh
adow-[0_0_30px_-5px_rgb
a(20,`[31m
file: [36mC:/Users/Tos
hiba/OneDrive/Desktop/M
ATTERS/adeiza-portfolio
/src/index.css[31m
    at 
onInvalidCandidate (fil
e:///C:/Users/Toshiba/O
neDrive/Desktop/MATTERS
/adeiza-portfolio/node_
modules/tailwindcss/dis
t/chunk-O3SHLFNR.mjs:21
:1511)
    at $e (file:///C:/U
sers/Toshiba/OneDrive/D
esktop/MATTERS/adeiza-p
ortfolio/node_modules/t
ailwindcss/dist/chunk-O
3SHLFNR.mjs:16:36740)
    at file:///C:/Users
/Toshiba/OneDrive/Deskt
op/MATTERS/adeiza-portf
olio/node_modules/tailw
indcss/dist/chunk-O3SHL
FNR.mjs:21:355
    at Ar (file:///C:/U
sers/Toshiba/OneDrive/D
esktop/MATTERS/adeiza-p
ortfolio/node_modules/t
ailwindcss/dist/chunk-O
3SHLFNR.mjs:3:1733)
    at I (file:///C:/Us
ers/Toshiba/OneDrive/De
sktop/MATTERS/adeiza-po
rtfolio/node_modules/ta
ilwindcss/dist/chunk-O3
SHLFNR.mjs:3:1377)
    at Ce (file:///C:/U
sers/Toshiba/OneDrive/D
esktop/MATTERS/adeiza-p
ortfolio/node_modules/t
ailwindcss/dist/chunk-O
3SHLFNR.mjs:21:172)
    at Gi (file:///C:/U
sers/Toshiba/OneDrive/D
esktop/MATTERS/adeiza-p
ortfolio/node_modules/t
ailwindcss/dist/chunk-O
3SHLFNR.mjs:38:294)
    at async ao (file:/
//C:/Users/Toshiba/OneD
rive/Desktop/MATTERS/ad
eiza-portfolio/node_mod
ules/tailwindcss/dist/c
hunk-O3SHLFNR.mjs:38:63
1)
    at async vf (file:/
//C:/Users/Toshiba/OneD
rive/Desktop/MATTERS/ad
eiza-portfolio/node_mod
ules/tailwindcss/dist/c
hunk-O3SHLFNR.mjs:38:14
06)
    at async uu (file:/
//C:/Users/Toshiba/OneD
rive/Desktop/MATTERS/ad
eiza-portfolio/node_mod
ules/@tailwindcss/node/
dist/index.mjs:10:3458)
[39m
